// Jest Snapshot v1, https://goo.gl/fbAQLP

exports[`Index page should match the snapshot 1`] = `
<div
  className="container"
>
  <main>
    <section
      className="jsx-683114997"
    >
      <div
        className="jsx-683114997 container"
      >
        <div
          className="jsx-683114997 header"
        >
          <h2
            className="jsx-683114997"
          >
            Welcome to CryptoDragons
          </h2>
        </div>
        <a
          aria-disabled={false}
          className="MuiButtonBase-root MuiButton-root MuiButton-contained MuiButton-containedPrimary"
          href="demo"
          onBlur={[Function]}
          onDragLeave={[Function]}
          onFocus={[Function]}
          onKeyDown={[Function]}
          onKeyUp={[Function]}
          onMouseDown={[Function]}
          onMouseLeave={[Function]}
          onMouseUp={[Function]}
          onTouchEnd={[Function]}
          onTouchMove={[Function]}
          onTouchStart={[Function]}
          tabIndex={0}
        >
          <span
            className="MuiButton-label"
          >
            Demo
          </span>
        </a>
      </div>
    </section>
  </main>
</div>
`;
